// Jest Snapshot v1, https://goo.gl/fbAQLP

exports[`App renders a snapshot with correct data 1`] = `
ShallowWrapper {
  Symbol(enzyme.__root__): [Circular],
  Symbol(enzyme.__unrendered__): <App />,
  Symbol(enzyme.__renderer__): Object {
    "batchedUpdates": [Function],
    "checkPropTypes": [Function],
    "getNode": [Function],
    "render": [Function],
    "simulateError": [Function],
    "simulateEvent": [Function],
    "unmount": [Function],
  },
  Symbol(enzyme.__node__): Object {
    "instance": null,
    "key": undefined,
    "nodeType": "host",
    "props": Object {
      "children": Array [
        <div
          className="header"
        >
          <h1>
            Concerts
          </h1>
          <h3>
            The Concerts API
          </h3>
        </div>,
        <Documentation />,
        <footer>
          <h3>
            Contributors
          </h3>
          <p>
            This API and documentation was built by a team of all female identifying developers.
          </p>
          <ul
            className="contributors"
          >
            <li>
              Backend/API: Cole Vanacore 
              <a
                href="https://github.com/colev1"
              >
                @colev1
              </a>
            </li>
            <li>
              Backend/API: Kaylee Bunce 
              <a
                href="https://github.com/kayleenovak"
              >
                @kayleenovak
              </a>
            </li>
            <li>
              Frontend/Docs: Tanjie McMeans 
              <a
                href="https://github.com/TMcMeans"
              >
                @TMcMeans
              </a>
            </li>
            <li>
              Frontend/Docs: Ashton Bailey 
              <a
                href="https://github.com/ashtonkbailey"
              >
                @ashtonkbailey
              </a>
            </li>
          </ul>
        </footer>,
      ],
      "className": "App",
    },
    "ref": null,
    "rendered": Array [
      Object {
        "instance": null,
        "key": undefined,
        "nodeType": "host",
        "props": Object {
          "children": Array [
            <h1>
              Concerts
            </h1>,
            <h3>
              The Concerts API
            </h3>,
          ],
          "className": "header",
        },
        "ref": null,
        "rendered": Array [
          Object {
            "instance": null,
            "key": undefined,
            "nodeType": "host",
            "props": Object {
              "children": "Concerts",
            },
            "ref": null,
            "rendered": "Concerts",
            "type": "h1",
          },
          Object {
            "instance": null,
            "key": undefined,
            "nodeType": "host",
            "props": Object {
              "children": "The Concerts API",
            },
            "ref": null,
            "rendered": "The Concerts API",
            "type": "h3",
          },
        ],
        "type": "div",
      },
      Object {
        "instance": null,
        "key": undefined,
        "nodeType": "class",
        "props": Object {},
        "ref": null,
        "rendered": null,
        "type": [Function],
      },
      Object {
        "instance": null,
        "key": undefined,
        "nodeType": "host",
        "props": Object {
          "children": Array [
            <h3>
              Contributors
            </h3>,
            <p>
              This API and documentation was built by a team of all female identifying developers.
            </p>,
            <ul
              className="contributors"
            >
              <li>
                Backend/API: Cole Vanacore 
                <a
                  href="https://github.com/colev1"
                >
                  @colev1
                </a>
              </li>
              <li>
                Backend/API: Kaylee Bunce 
                <a
                  href="https://github.com/kayleenovak"
                >
                  @kayleenovak
                </a>
              </li>
              <li>
                Frontend/Docs: Tanjie McMeans 
                <a
                  href="https://github.com/TMcMeans"
                >
                  @TMcMeans
                </a>
              </li>
              <li>
                Frontend/Docs: Ashton Bailey 
                <a
                  href="https://github.com/ashtonkbailey"
                >
                  @ashtonkbailey
                </a>
              </li>
            </ul>,
          ],
        },
        "ref": null,
        "rendered": Array [
          Object {
            "instance": null,
            "key": undefined,
            "nodeType": "host",
            "props": Object {
              "children": "Contributors",
            },
            "ref": null,
            "rendered": "Contributors",
            "type": "h3",
          },
          Object {
            "instance": null,
            "key": undefined,
            "nodeType": "host",
            "props": Object {
              "children": "This API and documentation was built by a team of all female identifying developers.",
            },
            "ref": null,
            "rendered": "This API and documentation was built by a team of all female identifying developers.",
            "type": "p",
          },
          Object {
            "instance": null,
            "key": undefined,
            "nodeType": "host",
            "props": Object {
              "children": Array [
                <li>
                  Backend/API: Cole Vanacore 
                  <a
                    href="https://github.com/colev1"
                  >
                    @colev1
                  </a>
                </li>,
                <li>
                  Backend/API: Kaylee Bunce 
                  <a
                    href="https://github.com/kayleenovak"
                  >
                    @kayleenovak
                  </a>
                </li>,
                <li>
                  Frontend/Docs: Tanjie McMeans 
                  <a
                    href="https://github.com/TMcMeans"
                  >
                    @TMcMeans
                  </a>
                </li>,
                <li>
                  Frontend/Docs: Ashton Bailey 
                  <a
                    href="https://github.com/ashtonkbailey"
                  >
                    @ashtonkbailey
                  </a>
                </li>,
              ],
              "className": "contributors",
            },
            "ref": null,
            "rendered": Array [
              Object {
                "instance": null,
                "key": undefined,
                "nodeType": "host",
                "props": Object {
                  "children": Array [
                    "Backend/API: Cole Vanacore ",
                    <a
                      href="https://github.com/colev1"
                    >
                      @colev1
                    </a>,
                  ],
                },
                "ref": null,
                "rendered": Array [
                  "Backend/API: Cole Vanacore ",
                  Object {
                    "instance": null,
                    "key": undefined,
                    "nodeType": "host",
                    "props": Object {
                      "children": "@colev1",
                      "href": "https://github.com/colev1",
                    },
                    "ref": null,
                    "rendered": "@colev1",
                    "type": "a",
                  },
                ],
                "type": "li",
              },
              Object {
                "instance": null,
                "key": undefined,
                "nodeType": "host",
                "props": Object {
                  "children": Array [
                    "Backend/API: Kaylee Bunce ",
                    <a
                      href="https://github.com/kayleenovak"
                    >
                      @kayleenovak
                    </a>,
                  ],
                },
                "ref": null,
                "rendered": Array [
                  "Backend/API: Kaylee Bunce ",
                  Object {
                    "instance": null,
                    "key": undefined,
                    "nodeType": "host",
                    "props": Object {
                      "children": "@kayleenovak",
                      "href": "https://github.com/kayleenovak",
                    },
                    "ref": null,
                    "rendered": "@kayleenovak",
                    "type": "a",
                  },
                ],
                "type": "li",
              },
              Object {
                "instance": null,
                "key": undefined,
                "nodeType": "host",
                "props": Object {
                  "children": Array [
                    "Frontend/Docs: Tanjie McMeans ",
                    <a
                      href="https://github.com/TMcMeans"
                    >
                      @TMcMeans
                    </a>,
                  ],
                },
                "ref": null,
                "rendered": Array [
                  "Frontend/Docs: Tanjie McMeans ",
                  Object {
                    "instance": null,
                    "key": undefined,
                    "nodeType": "host",
                    "props": Object {
                      "children": "@TMcMeans",
                      "href": "https://github.com/TMcMeans",
                    },
                    "ref": null,
                    "rendered": "@TMcMeans",
                    "type": "a",
                  },
                ],
                "type": "li",
              },
              Object {
                "instance": null,
                "key": undefined,
                "nodeType": "host",
                "props": Object {
                  "children": Array [
                    "Frontend/Docs: Ashton Bailey ",
                    <a
                      href="https://github.com/ashtonkbailey"
                    >
                      @ashtonkbailey
                    </a>,
                  ],
                },
                "ref": null,
                "rendered": Array [
                  "Frontend/Docs: Ashton Bailey ",
                  Object {
                    "instance": null,
                    "key": undefined,
                    "nodeType": "host",
                    "props": Object {
                      "children": "@ashtonkbailey",
                      "href": "https://github.com/ashtonkbailey",
                    },
                    "ref": null,
                    "rendered": "@ashtonkbailey",
                    "type": "a",
                  },
                ],
                "type": "li",
              },
            ],
            "type": "ul",
          },
        ],
        "type": "footer",
      },
    ],
    "type": "div",
  },
  Symbol(enzyme.__nodes__): Array [
    Object {
      "instance": null,
      "key": undefined,
      "nodeType": "host",
      "props": Object {
        "children": Array [
          <div
            className="header"
          >
            <h1>
              Concerts
            </h1>
            <h3>
              The Concerts API
            </h3>
          </div>,
          <Documentation />,
          <footer>
            <h3>
              Contributors
            </h3>
            <p>
              This API and documentation was built by a team of all female identifying developers.
            </p>
            <ul
              className="contributors"
            >
              <li>
                Backend/API: Cole Vanacore 
                <a
                  href="https://github.com/colev1"
                >
                  @colev1
                </a>
              </li>
              <li>
                Backend/API: Kaylee Bunce 
                <a
                  href="https://github.com/kayleenovak"
                >
                  @kayleenovak
                </a>
              </li>
              <li>
                Frontend/Docs: Tanjie McMeans 
                <a
                  href="https://github.com/TMcMeans"
                >
                  @TMcMeans
                </a>
              </li>
              <li>
                Frontend/Docs: Ashton Bailey 
                <a
                  href="https://github.com/ashtonkbailey"
                >
                  @ashtonkbailey
                </a>
              </li>
            </ul>
          </footer>,
        ],
        "className": "App",
      },
      "ref": null,
      "rendered": Array [
        Object {
          "instance": null,
          "key": undefined,
          "nodeType": "host",
          "props": Object {
            "children": Array [
              <h1>
                Concerts
              </h1>,
              <h3>
                The Concerts API
              </h3>,
            ],
            "className": "header",
          },
          "ref": null,
          "rendered": Array [
            Object {
              "instance": null,
              "key": undefined,
              "nodeType": "host",
              "props": Object {
                "children": "Concerts",
              },
              "ref": null,
              "rendered": "Concerts",
              "type": "h1",
            },
            Object {
              "instance": null,
              "key": undefined,
              "nodeType": "host",
              "props": Object {
                "children": "The Concerts API",
              },
              "ref": null,
              "rendered": "The Concerts API",
              "type": "h3",
            },
          ],
          "type": "div",
        },
        Object {
          "instance": null,
          "key": undefined,
          "nodeType": "class",
          "props": Object {},
          "ref": null,
          "rendered": null,
          "type": [Function],
        },
        Object {
          "instance": null,
          "key": undefined,
          "nodeType": "host",
          "props": Object {
            "children": Array [
              <h3>
                Contributors
              </h3>,
              <p>
                This API and documentation was built by a team of all female identifying developers.
              </p>,
              <ul
                className="contributors"
              >
                <li>
                  Backend/API: Cole Vanacore 
                  <a
                    href="https://github.com/colev1"
                  >
                    @colev1
                  </a>
                </li>
                <li>
                  Backend/API: Kaylee Bunce 
                  <a
                    href="https://github.com/kayleenovak"
                  >
                    @kayleenovak
                  </a>
                </li>
                <li>
                  Frontend/Docs: Tanjie McMeans 
                  <a
                    href="https://github.com/TMcMeans"
                  >
                    @TMcMeans
                  </a>
                </li>
                <li>
                  Frontend/Docs: Ashton Bailey 
                  <a
                    href="https://github.com/ashtonkbailey"
                  >
                    @ashtonkbailey
                  </a>
                </li>
              </ul>,
            ],
          },
          "ref": null,
          "rendered": Array [
            Object {
              "instance": null,
              "key": undefined,
              "nodeType": "host",
              "props": Object {
                "children": "Contributors",
              },
              "ref": null,
              "rendered": "Contributors",
              "type": "h3",
            },
            Object {
              "instance": null,
              "key": undefined,
              "nodeType": "host",
              "props": Object {
                "children": "This API and documentation was built by a team of all female identifying developers.",
              },
              "ref": null,
              "rendered": "This API and documentation was built by a team of all female identifying developers.",
              "type": "p",
            },
            Object {
              "instance": null,
              "key": undefined,
              "nodeType": "host",
              "props": Object {
                "children": Array [
                  <li>
                    Backend/API: Cole Vanacore 
                    <a
                      href="https://github.com/colev1"
                    >
                      @colev1
                    </a>
                  </li>,
                  <li>
                    Backend/API: Kaylee Bunce 
                    <a
                      href="https://github.com/kayleenovak"
                    >
                      @kayleenovak
                    </a>
                  </li>,
                  <li>
                    Frontend/Docs: Tanjie McMeans 
                    <a
                      href="https://github.com/TMcMeans"
                    >
                      @TMcMeans
                    </a>
                  </li>,
                  <li>
                    Frontend/Docs: Ashton Bailey 
                    <a
                      href="https://github.com/ashtonkbailey"
                    >
                      @ashtonkbailey
                    </a>
                  </li>,
                ],
                "className": "contributors",
              },
              "ref": null,
              "rendered": Array [
                Object {
                  "instance": null,
                  "key": undefined,
                  "nodeType": "host",
                  "props": Object {
                    "children": Array [
                      "Backend/API: Cole Vanacore ",
                      <a
                        href="https://github.com/colev1"
                      >
                        @colev1
                      </a>,
                    ],
                  },
                  "ref": null,
                  "rendered": Array [
                    "Backend/API: Cole Vanacore ",
                    Object {
                      "instance": null,
                      "key": undefined,
                      "nodeType": "host",
                      "props": Object {
                        "children": "@colev1",
                        "href": "https://github.com/colev1",
                      },
                      "ref": null,
                      "rendered": "@colev1",
                      "type": "a",
                    },
                  ],
                  "type": "li",
                },
                Object {
                  "instance": null,
                  "key": undefined,
                  "nodeType": "host",
                  "props": Object {
                    "children": Array [
                      "Backend/API: Kaylee Bunce ",
                      <a
                        href="https://github.com/kayleenovak"
                      >
                        @kayleenovak
                      </a>,
                    ],
                  },
                  "ref": null,
                  "rendered": Array [
                    "Backend/API: Kaylee Bunce ",
                    Object {
                      "instance": null,
                      "key": undefined,
                      "nodeType": "host",
                      "props": Object {
                        "children": "@kayleenovak",
                        "href": "https://github.com/kayleenovak",
                      },
                      "ref": null,
                      "rendered": "@kayleenovak",
                      "type": "a",
                    },
                  ],
                  "type": "li",
                },
                Object {
                  "instance": null,
                  "key": undefined,
                  "nodeType": "host",
                  "props": Object {
                    "children": Array [
                      "Frontend/Docs: Tanjie McMeans ",
                      <a
                        href="https://github.com/TMcMeans"
                      >
                        @TMcMeans
                      </a>,
                    ],
                  },
                  "ref": null,
                  "rendered": Array [
                    "Frontend/Docs: Tanjie McMeans ",
                    Object {
                      "instance": null,
                      "key": undefined,
                      "nodeType": "host",
                      "props": Object {
                        "children": "@TMcMeans",
                        "href": "https://github.com/TMcMeans",
                      },
                      "ref": null,
                      "rendered": "@TMcMeans",
                      "type": "a",
                    },
                  ],
                  "type": "li",
                },
                Object {
                  "instance": null,
                  "key": undefined,
                  "nodeType": "host",
                  "props": Object {
                    "children": Array [
                      "Frontend/Docs: Ashton Bailey ",
                      <a
                        href="https://github.com/ashtonkbailey"
                      >
                        @ashtonkbailey
                      </a>,
                    ],
                  },
                  "ref": null,
                  "rendered": Array [
                    "Frontend/Docs: Ashton Bailey ",
                    Object {
                      "instance": null,
                      "key": undefined,
                      "nodeType": "host",
                      "props": Object {
                        "children": "@ashtonkbailey",
                        "href": "https://github.com/ashtonkbailey",
                      },
                      "ref": null,
                      "rendered": "@ashtonkbailey",
                      "type": "a",
                    },
                  ],
                  "type": "li",
                },
              ],
              "type": "ul",
            },
          ],
          "type": "footer",
        },
      ],
      "type": "div",
    },
  ],
  Symbol(enzyme.__options__): Object {
    "adapter": ReactSixteenAdapter {
      "options": Object {
        "enableComponentDidUpdateOnSetState": true,
        "legacyContextMode": "parent",
        "lifecycles": Object {
          "componentDidUpdate": Object {
            "onSetState": true,
          },
          "getChildContext": Object {
            "calledByRenderer": false,
          },
          "getDerivedStateFromProps": true,
          "getSnapshotBeforeUpdate": true,
          "setState": Object {
            "skipsComponentDidUpdateOnNullish": true,
          },
        },
      },
    },
  },
}
`;
